[cwiki.apache.org/confluence/display/Hive.html]
[backblue.gif]
[fade.gif]
[index.html]
[cwiki.apache.org/confluence/s/ad0cdaf669e3a7800fb6fa6452e260e4-CDN/6dvx22/8703/4mhn8a/6b1577085985a611eea3c1e80e0e7e93/_/download/contextbatch/css/_super/batch.css]
[cwiki.apache.org/confluence/s/585884a9f3984b0aaecef0baf40c1e6e-CDN/6dvx22/8703/4mhn8a/e6aaebbd7baa9a045ec96374ae08d3b2/_/download/contextbatch/css/atl.confluence.plugins.pagetree-desktop,main,vi/batch1203.css]
[cwiki.apache.org/confluence/s/58e418cc99c782d6bf891d0ee81d3e82-CDN/6dvx22/8703/4mhn8a/6b1577085985a611eea3c1e80e0e7e93/_/download/contextbatch/js/_super/batch6116.js]
[cwiki.apache.org/confluence/s/d8f9091841663d4e3446e48379e476f1-CDN/6dvx22/8703/4mhn8a/e6aaebbd7baa9a045ec96374ae08d3b2/_/download/contextbatch/js/atl.confluence.plugins.pagetree-desktop,main,vi/batch3a32.js]
[cwiki.apache.org/confluence/display/Hive/Home.html]
[cwiki.apache.org/confluence/display/Hive/How-to+articles.html]
[cwiki.apache.org/confluence/display/Hive/AboutThisWiki.html]
[cwiki.apache.org/confluence/display/Hive/AccumuloIntegration.html]
[cwiki.apache.org/confluence/display/Hive/AdminManual+Metastore+3.html]
[cwiki.apache.org/confluence/display/Hive/Apache+Hive+SQL+Conformance.html]
[cwiki.apache.org/confluence/display/Hive/AvroSerDe.html]
[cwiki.apache.org/confluence/display/Hive/Books+about+Hive.html]
[cwiki.apache.org/confluence/display/Hive/Bylaws.html]
[cwiki.apache.org/confluence/display/Hive/CSV+Serde.html]
[cwiki.apache.org/confluence/display/Hive/Dependent+Tables.html]
[cwiki.apache.org/confluence/display/Hive/DeveloperDocs.html]
[cwiki.apache.org/confluence/display/Hive/Druid+Integration.html]
[cwiki.apache.org/confluence/display/Hive/Fix+Hive+Unit+Tests+on+Hadoop+2+-+HIVE-3949.html]
[cwiki.apache.org/confluence/display/Hive/Hadoop-compatible+Input-Output+Format+for+Hive.html]
[cwiki.apache.org/confluence/display/Hive/Hive+0.html]
[cwiki.apache.org/confluence/display/Hive/Hive+0-2.html]
[cwiki.apache.org/confluence/display/Hive/Hive+1.html]
[cwiki.apache.org/confluence/display/Hive/HiveAmazonElasticMapReduce.html]
[cwiki.apache.org/confluence/display/Hive/Hive+APIs+Overview.html]
[cwiki.apache.org/confluence/display/Hive/HiveAwsEmr.html]
[cwiki.apache.org/confluence/display/Hive/HiveCounters.html]
[cwiki.apache.org/confluence/display/Hive/HiveDeveloperFAQ.html]
[cwiki.apache.org/confluence/display/Hive/Hive+Metadata+Caching+Proposal.html]
[cwiki.apache.org/confluence/display/Hive/Hive+on+Spark_+Getting+Started.html]
[cwiki.apache.org/confluence/display/Hive/Hive+PreCommit+Patch+Testing.html]
[cwiki.apache.org/confluence/display/Hive/Hive+PTest2+Infrastructure.html]
[cwiki.apache.org/confluence/display/Hive/HiveServer2+Clients.html]
[cwiki.apache.org/confluence/display/Hive/HiveServer2+Overview.html]
[cwiki.apache.org/confluence/display/Hive/Hive+Transactions.html]
[cwiki.apache.org/confluence/display/Hive/How+to+edit+the+website.html]
[cwiki.apache.org/confluence/display/Hive/JDBC+Storage+Handler.html]
[cwiki.apache.org/confluence/display/Hive/Kudu+Integration.html]
[cwiki.apache.org/confluence/display/Hive/Materialized+views.html]
[cwiki.apache.org/confluence/display/Hive/Metastore+TLP+Proposal.html]
[cwiki.apache.org/confluence/display/Hive/OperatorsAndFunctions.html]
[cwiki.apache.org/confluence/display/Hive/Permission+Inheritance+in+Hive.html]
[cwiki.apache.org/confluence/display/Hive/PluginDeveloperKit.html]
[cwiki.apache.org/confluence/display/Hive/Proposed+Changes+to+Hive+Project+Bylaws+-+April+2016.html]
[cwiki.apache.org/confluence/display/Hive/Proposed+Changes+to+Hive+Project+Bylaws+-+August+2015.html]
[cwiki.apache.org/confluence/display/Hive/Query+ReExecution.html]
[cwiki.apache.org/confluence/display/Hive/RCFileCat.html]
[cwiki.apache.org/confluence/display/Hive/RelatedProjects.html]
[cwiki.apache.org/confluence/display/Hive/Replication.html]
[cwiki.apache.org/confluence/display/Hive/Streaming+Data+Ingest.html]
[cwiki.apache.org/confluence/display/Hive/Streaming+Data+Ingest+V2.html]
[cwiki.apache.org/confluence/display/Hive/Suggestion+for+DDL+Commands+in+HMS+schema+upgrade+scripts.html]
[cwiki.apache.org/confluence/display/Hive/Synchronized+Metastore+Cache.html]
[cwiki.apache.org/confluence/display/Hive/TeradataBinarySerde.html]
[cwiki.apache.org/confluence/display/Hive/TestingDocs.html]
[cwiki.apache.org/confluence/display/Hive/Unit+Testing+Hive+SQL.html]
[cwiki.apache.org/confluence/display/Hive/Using+TiDB+as+the+Hive+Metastore+database.html]
[cwiki.apache.org/confluence/display/Hive/LLAP.html]
[cwiki.apache.org/confluence/display/Hive/DeveloperGuide.html]
[cwiki.apache.org/confluence/display/Hive/HCatalog.html]
[cwiki.apache.org/confluence/display/Hive/WebHCat.html]
[cwiki.apache.org/confluence/display/Hive/GettingStarted.html]
[cwiki.apache.org/confluence/display/Hive/Presentations.html]
[cwiki.apache.org/confluence/display/Hive/PoweredBy.html]
[cwiki.apache.org/confluence/display/Hive/User+FAQ.html]
[cwiki.apache.org/confluence/display/Hive/Tutorial.html]
[cwiki.apache.org/confluence/display/Hive/LanguageManual.html]
[cwiki.apache.org/confluence/display/Hive/LanguageManual+Commands.html]
[cwiki.apache.org/confluence/display/Hive/LanguageManual+Cli.html]
[cwiki.apache.org/confluence/display/Hive/LanguageManual+Types.html]
[cwiki.apache.org/confluence/display/Hive/LanguageManual+DDL.html]
[cwiki.apache.org/confluence/display/Hive/StatsDev.html]
[cwiki.apache.org/confluence/display/Hive/LanguageManual+Indexing.html]
[cwiki.apache.org/confluence/display/Hive/LanguageManual+Archiving.html]
[cwiki.apache.org/confluence/display/Hive/LanguageManual+DML.html]
[cwiki.apache.org/confluence/display/Hive/LanguageManual+ImportExport.html]
[cwiki.apache.org/confluence/display/Hive/LanguageManual+Explain.html]
[cwiki.apache.org/confluence/display/Hive/LanguageManual+Select.html]
[cwiki.apache.org/confluence/display/Hive/LanguageManual+UDF.html]
[cwiki.apache.org/confluence/display/Hive/LanguageManual+Locks.html]
[cwiki.apache.org/confluence/display/Hive/LanguageManual+Authorization.html]
[cwiki.apache.org/confluence/display/Hive/FileFormats.html]
[cwiki.apache.org/confluence/display/Hive/RCFile.html]
[cwiki.apache.org/confluence/display/Hive/LanguageManual+ORC.html]
[cwiki.apache.org/confluence/display/Hive/Parquet.html]
[cwiki.apache.org/confluence/display/Hive/CompressedStorage.html]
[cwiki.apache.org/confluence/display/Hive/LanguageManual+LZO.html]
[cwiki.apache.org/confluence/display/Hive/Configuration+Properties.html]
[cwiki.apache.org/confluence/display/Hive/HiveClient.html]
[cwiki.apache.org/confluence/display/Hive/Hive+Metrics.html]
[cwiki.apache.org/confluence/display/Hive/HiveWebInterface.html]
[cwiki.apache.org/confluence/display/Hive/SerDe.html]
[cwiki.apache.org/confluence/display/Hive/HBaseIntegration.html]
[cwiki.apache.org/confluence/display/Hive/HCatalog+Streaming+Mutation+API.html]
[cwiki.apache.org/confluence/display/Hive/AdminManual+Installation.html]
[cwiki.apache.org/confluence/display/Hive/AdminManual+Configuration.html]
[cwiki.apache.org/confluence/display/Hive/AdminManual+Metastore+Administration.html]
[cwiki.apache.org/confluence/display/Hive/Hive+Schema+Tool.html]
[cwiki.apache.org/confluence/display/Hive/AdminManual+SettingUpHiveServer.html]
[cwiki.apache.org/confluence/display/Hive/HiveJDBCInterface.html]
[cwiki.apache.org/confluence/display/Hive/HiveODBC.html]
[cwiki.apache.org/confluence/display/Hive/HiveServer.html]
[cwiki.apache.org/confluence/display/Hive/Setting+Up+HiveServer2.html]
[cwiki.apache.org/confluence/display/Hive/HiveAws.html]
[cwiki.apache.org/confluence/display/Hive/HowToContribute.html]
[cwiki.apache.org/confluence/display/Hive/Development+ContributorsMeetings.html]
[cwiki.apache.org/confluence/display/Hive/MiniDriver+Tests.html]
[cwiki.apache.org/confluence/display/Hive/DeveloperGuide+UDTF.html]
[cwiki.apache.org/confluence/display/Hive/Unit+Test+Parallel+Execution.html]
[cwiki.apache.org/confluence/display/Hive/TipsForAddingNewTests.html]
[cwiki.apache.org/confluence/display/Hive/Running+Yetus.html]
[cwiki.apache.org/confluence/display/Hive/MetaStore+API+Tests.html]
[cwiki.apache.org/confluence/display/Hive/Performance.html]
[cwiki.apache.org/confluence/display/Hive/Design.html]
[cwiki.apache.org/confluence/display/Hive/DesignDocs.html]
[cwiki.apache.org/confluence/display/Hive/Roadmap.html]
[cwiki.apache.org/confluence/display/Hive/BecomingACommitter.html]
[cwiki.apache.org/confluence/display/Hive/HowToCommit.html]
[cwiki.apache.org/confluence/display/Hive.html]
[cwiki.apache.org/confluence/display/Hive/HowToRelease.html]
[cwiki.apache.org/confluence/s/6dvx22/8703/4mhn8a/1.0/_/images/icons/wait.gif]
[cwiki.apache.org/confluence/s/6dvx22/8703/4mhn8a/1.0/_/download/images/icons/property-panel-image.png]
[cwiki.apache.org/confluence/s/6dvx22/8703/4mhn8a/1.0/_/images/icons/people-empty-placeholder.png]
[cwiki.apache.org/confluence/s/6dvx22/8703/4mhn8a/1.0/_/download/images/icons/blog-empty-placeholder.png]
[cwiki.apache.org/confluence/s/6dvx22/8703/4mhn8a/1.0/_/download/images/icons/pages-empty-placeholder.png]
[cwiki.apache.org/confluence/s/6dvx22/8703/4mhn8a/1.0/_/download/images/icons/wait.gif]
[cwiki.apache.org/confluence/s/6dvx22/8703/4mhn8a/1.0/_/images/icons/sidebar/collapse.gif]
[cwiki.apache.org/confluence/s/6dvx22/8703/4mhn8a/1.0/_/images/icons/sidebar/collapse-hover.gif]
[cwiki.apache.org/confluence/s/6dvx22/8703/4mhn8a/1.0/_/images/icons/sidebar/expand.gif]
[cwiki.apache.org/confluence/s/6dvx22/8703/4mhn8a/1.0/_/images/icons/sidebar/expand-hover.gif]
[cwiki.apache.org/confluence/s/6dvx22/8703/4mhn8a/1.0/_/download/images/icons/trash_16.gif]
[cwiki.apache.org/confluence/s/ad0cdaf669e3a7800fb6fa6452e260e4-CDN/6dvx22/8703/4mhn8a/6b1577085985a611eea3c1e80e0e7e93/_/download/contextbatch/css/_super/batch.css]
[cwiki.apache.org/confluence/s/6dvx22/8703/4mhn8a/9.1.1/_/download/download/resources/com.gliffy.integration.confluence/icons/diagram_16.gif]
[cwiki.apache.org/confluence/s/6dvx22/8703/4mhn8a/9.1.1/_/download/download/resources/com.gliffy.integration.confluence/icons/gliffy-logo-14px.png]
[cwiki.apache.org/confluence/s/6dvx22/8703/4mhn8a/17.13.3/_/images/icons/document_zoom_in_16.png]
[cwiki.apache.org/confluence/s/6dvx22/8703/4mhn8a/6.4.4/_/download/resources/com.adaptavist.confluence.contentFormattingMacros_cfm-wizard-resources/cfm-blueprint-images/blueprint-journey-page1.png]
[cwiki.apache.org/confluence/s/6dvx22/8703/4mhn8a/6.4.4/_/download/resources/com.adaptavist.confluence.contentFormattingMacros_cfm-wizard-resources/cfm-blueprint-images/blueprint-space-home-page-page1.png]
[cwiki.apache.org/confluence/s/6dvx22/8703/4mhn8a/6.4.4/_/download/resources/com.adaptavist.confluence.contentFormattingMacros_cfm-wizard-resources/cfm-blueprint-images/blueprint-finance-page1.png]
[cwiki.apache.org/confluence/s/6dvx22/8703/4mhn8a/6.4.4/_/download/resources/com.adaptavist.confluence.contentFormattingMacros_cfm-wizard-resources/cfm-blueprint-images/blueprint-software-requirements-page1.png]
[cwiki.apache.org/confluence/s/6dvx22/8703/4mhn8a/6.4.4/_/download/resources/com.adaptavist.confluence.contentFormattingMacros_cfm-wizard-resources/cfm-blueprint-images/blueprint-blog-page1.png]
[cwiki.apache.org/confluence/s/6dvx22/8703/4mhn8a/6.4.4/_/download/resources/com.adaptavist.confluence.contentFormattingMacros_cfm-wizard-resources/cfm-blueprint-images/blueprint-academic-page1.png]
[cwiki.apache.org/confluence/s/6dvx22/8703/4mhn8a/6.4.4/_/download/resources/com.adaptavist.confluence.contentFormattingMacros_cfm-wizard-resources/cfm-blueprint-images/blueprint-academic-page3.png]
[cwiki.apache.org/confluence/s/6dvx22/8703/4mhn8a/6.4.4/_/download/resources/com.adaptavist.confluence.contentFormattingMacros_cfm-wizard-resources/cfm-blueprint-images/blueprint-finance-page3.png]
[cwiki.apache.org/confluence/s/6dvx22/8703/4mhn8a/6.4.4/_/download/resources/com.adaptavist.confluence.contentFormattingMacros_cfm-wizard-resources/cfm-blueprint-images/blueprint-blog-page3.png]
[cwiki.apache.org/confluence/s/6dvx22/8703/4mhn8a/6.4.4/_/download/resources/com.adaptavist.confluence.contentFormattingMacros_cfm-wizard-resources/cfm-blueprint-images/blueprint-journey-page3.png]
[cwiki.apache.org/confluence/s/6dvx22/8703/4mhn8a/6.4.4/_/download/resources/com.adaptavist.confluence.contentFormattingMacros_cfm-wizard-resources/cfm-blueprint-images/blueprint-space-home-page-page3.png]
[cwiki.apache.org/confluence/s/6dvx22/8703/4mhn8a/6.4.4/_/download/resources/com.adaptavist.confluence.contentFormattingMacros_cfm-wizard-resources/cfm-blueprint-images/blueprint-software-requirements-page3.png]
[cwiki.apache.org/confluence/s/6dvx22/8703/4mhn8a/6.0.2/_/download/resources/com.atlassian.plugins.atlassian-nav-links-plugin_rotp-menu/images/bamboo.png]
[cwiki.apache.org/confluence/s/6dvx22/8703/4mhn8a/6.0.2/_/download/resources/com.atlassian.plugins.atlassian-nav-links-plugin_rotp-menu/images/bamboo_hover.png]
[cwiki.apache.org/confluence/s/6dvx22/8703/4mhn8a/6.0.2/_/download/resources/com.atlassian.plugins.atlassian-nav-links-plugin_rotp-menu/images/jira.png]
[cwiki.apache.org/confluence/s/6dvx22/8703/4mhn8a/6.0.2/_/download/resources/com.atlassian.plugins.atlassian-nav-links-plugin_rotp-menu/images/jira_hover.png]
[cwiki.apache.org/confluence/s/6dvx22/8703/4mhn8a/6.0.2/_/download/resources/com.atlassian.plugins.atlassian-nav-links-plugin_rotp-menu/images/confluence.png]
[cwiki.apache.org/confluence/s/6dvx22/8703/4mhn8a/6.0.2/_/download/resources/com.atlassian.plugins.atlassian-nav-links-plugin_rotp-menu/images/confluence_hover.png]
[cwiki.apache.org/confluence/s/6dvx22/8703/4mhn8a/3.9.19/_/download/resources/com.k15t.scroll.scroll-epub_export-link-resources/scroll-epub_icon.png]
[cwiki.apache.org/confluence/s/6dvx22/8703/4mhn8a/11.3.1/_/download/resources/confluence.extra.jira_jirachart-resources/icon-expand-view-down.png]
[cwiki.apache.org/confluence/s/6dvx22/8703/4mhn8a/11.3.1/_/download/resources/confluence.extra.jira_jirachart-resources/icon-expand-view-up.png]
[cwiki.apache.org/confluence/s/585884a9f3984b0aaecef0baf40c1e6e-CDN/6dvx22/8703/4mhn8a/e6aaebbd7baa9a045ec96374ae08d3b2/_/download/contextbatch/css/atl.confluence.plugins.pagetree-desktop,main,vi/batch1203.css]
[cwiki.apache.org/confluence/display/Hive/Home.html]
[cwiki.apache.org/confluence/display/Hive/How-to+articles.html]
[cwiki.apache.org/confluence/display/Hive/AboutThisWiki.html]
[cwiki.apache.org/confluence/display/Hive/AccumuloIntegration.html]
[cwiki.apache.org/confluence/display/Hive/StorageHandlers.html]
[cwiki.apache.org/confluence/display/Hive/AdminManual+Metastore+3.html]
[cwiki.apache.org/confluence/display/Hive/Supported+Features_+Apache+Hive+2.html]
[cwiki.apache.org/confluence/display/Hive/Supported+Features_+Apache+Hive+2-2.html]
[cwiki.apache.org/confluence/display/Hive/Supported+Features_++Apache+Hive+3.html]
[cwiki.apache.org/confluence/display/Hive/Apache+Hive+SQL+Conformance.html]
[cwiki.apache.org/confluence/display/Hive/AvroSerDe.html]
[cwiki.apache.org/confluence/display/Hive/Books+about+Hive.html]
[cwiki.apache.org/confluence/display/Hive/Proposed+Changes+to+Hive+Bylaws+for+Submodule+Committers.html]
[cwiki.apache.org/confluence/display/Hive/Proposed+Changes+to+Hive+Bylaws+-+January+2014.html]
[cwiki.apache.org/confluence/display/Hive/Bylaws.html]
[cwiki.apache.org/confluence/display/Hive/CSV+Serde.html]
[cwiki.apache.org/confluence/display/Hive/Dependent+Tables.html]
[cwiki.apache.org/confluence/display/Hive/DeveloperDocs.html]
[cwiki.apache.org/confluence/display/Hive/Druid+Integration.html]
[cwiki.apache.org/confluence/display/Hive/Cost-based+optimization+in+Hive.html]
[cwiki.apache.org/confluence/display/Hive/Fix+Hive+Unit+Tests+on+Hadoop+2+-+HIVE-3949.html]
[cwiki.apache.org/confluence/display/Hive/Hadoop-compatible+Input-Output+Format+for+Hive.html]
[cwiki.apache.org/confluence/display/Hive/Hive+0.13.html]
[cwiki.apache.org/confluence/display/Hive/Hive+0.html]
[cwiki.apache.org/confluence/display/Hive/Hive+0-2.html]
[cwiki.apache.org/confluence/display/Hive/Committed+jiras+for+1.2.html]
[cwiki.apache.org/confluence/display/Hive/Committed+JIRAS+for+branch-1.2.html]
[cwiki.apache.org/confluence/display/Hive/Hive+14ce7.html]
[cwiki.apache.org/confluence/display/Hive/Hive+1.html]
[cwiki.apache.org/confluence/display/Hive/Hive+11b42.html]
[cwiki.apache.org/confluence/display/Hive/HiveAmazonElasticMapReduce.html]
[cwiki.apache.org/confluence/display/HCATALOG/Design+Document+-+Java+APIs+for+HCatalog+DDL+Commands.html]
[cwiki.apache.org/confluence/display/Hive/HCatalog+InputOutput.html]
[cwiki.apache.org/confluence/display/Hive/HCatalog+CLI.html]
[cwiki.apache.org/confluence/display/Hive/WebHCat+Reference.html]
[cwiki.apache.org/confluence/display/Hive/Hive+APIs+Overview.html]
[cwiki.apache.org/confluence/display/Hive/Hive+APIs+Overviewb4ba.html]
[cwiki.apache.org/confluence/display/Hive/HiveAwsEmr.html]
[cwiki.apache.org/confluence/display/Hive/HiveCounters.html]
[cwiki.apache.org/confluence/display/Hive/HiveDeveloperFAQ.html]
[cwiki.apache.org/confluence/display/Hive/Hive+Metadata+Caching+Proposal.html]
[cwiki.apache.org/confluence/display/Hive/Hive+on+Spark_+Join+Design+Master.html]
[cwiki.apache.org/confluence/display/Hive/Hive+on+Spark_+Getting+Started.html]
[cwiki.apache.org/confluence/display/Hive/Hive+on+Spark_+Getting+Started39d1.html]
[cwiki.apache.org/confluence/display/Hive/Jenkins+Script.html]
[cwiki.apache.org/confluence/display/Hive/Hive+PreCommit+Patch+Testing.html]
[cwiki.apache.org/confluence/display/Hive/Hive+PTest2+Infrastructure.html]
[cwiki.apache.org/confluence/s/585884a9f3984b0aaecef0baf40c1e6e-CDN/6dvx22/8703/4mhn8a/0c075968d80867658b76057206641752/_/download/contextbatch/css/atl.confluence.macros.expand.desktop,viewconten/batch1203.css]
[cwiki.apache.org/confluence/s/d0dbc5eb663f47c4f14d5e106cbdd9c9-CDN/6dvx22/8703/4mhn8a/0c075968d80867658b76057206641752/_/download/contextbatch/js/atl.confluence.macros.expand.desktop,viewconten/batch3a32.js]
[cwiki.apache.org/confluence/display/Hive/Replacing+the+Implementation+of+Hive+CLI+Using+Beeline.html]
[cwiki.apache.org/confluence/display/Hive/HiveServer2+Clients.html]
[cwiki.apache.org/confluence/display/Hive/HiveServer2+Overview.html]
[cwiki.apache.org/confluence/display/Hive/Hive+Transactions.html]
[cwiki.apache.org/confluence/display/Hive/LanguageManual+DDL+BucketedTables.html]
[cwiki.apache.org/confluence/display/Hive/How+to+edit+the+website.html]
[cwiki.apache.org/confluence/display/Hive/JDBC+Storage+Handler.html]
[cwiki.apache.org/confluence/display/Hive/Kudu+Integration.html]
[cwiki.apache.org/confluence/display/Hive/Materialized+views.html]
[cwiki.apache.org/confluence/display/Hive/Metastore+TLP+Proposal.html]
[cwiki.apache.org/confluence/display/Hive/HivePlugins.html]
[cwiki.apache.org/confluence/display/Hive/ReflectUDF.html]
[cwiki.apache.org/confluence/display/Hive/GenericUDAFCaseStudy.html]
[cwiki.apache.org/confluence/display/Hive/OperatorsAndFunctions.html]
[cwiki.apache.org/confluence/display/Hive/StatisticsAndDataMining.html]
[cwiki.apache.org/confluence/display/Hive/Permission+Inheritance+in+Hive.html]
[cwiki.apache.org/confluence/display/Hive/PluginDeveloperKit.html]
[cwiki.apache.org/confluence/display/Hive/Proposed+Changes+to+Hive+Project+Bylaws+-+April+2016.html]
[cwiki.apache.org/confluence/display/Hive/Proposed+Changes+to+Hive+Project+Bylaws+-+August+2015.html]
[cwiki.apache.org/confluence/display/Hive/Query+ReExecution.html]
[cwiki.apache.org/confluence/display/Hive/RCFileCat.html]
[cwiki.apache.org/confluence/display/Hive/RelatedProjects.html]
[cwiki.apache.org/confluence/display/Hive/HCatalog+Notification.html]
[cwiki.apache.org/confluence/display/Hive/HiveReplicationDevelopment.html]
[cwiki.apache.org/confluence/display/Hive/Replication.html]
[cwiki.apache.org/confluence/display/Hive/HiveReplicationv2Development.html]
[cwiki.apache.org/confluence/display/Hive/Streaming+Data+Ingest.html]
[cwiki.apache.org/confluence/display/Hive/Streaming+Data+Ingest+V2.html]
[cwiki.apache.org/confluence/display/Hive/Suggestion+for+DDL+Commands+in+HMS+schema+upgrade+scripts.html]
[cwiki.apache.org/confluence/download/attachments/110692851/Synchronized Metastore Cache Design3b52.png]
[cwiki.apache.org/confluence/download/thumbnails/110692851/Figure2163c.png]
[cwiki.apache.org/confluence/download/attachments/110692851/Figure335d0.png]
[cwiki.apache.org/confluence/display/Hive/Synchronized+Metastore+Cache.html]
[cwiki.apache.org/confluence/display/Hive/TeradataBinarySerde.html]
[cwiki.apache.org/confluence/display/Hive/TestingDocs.html]
[cwiki.apache.org/confluence/display/Hive/LanguageManual+VariableSubstitution.html]
[cwiki.apache.org/confluence/display/Hive/Unit+Testing+Hive+SQL0a76.html]
[cwiki.apache.org/confluence/display/Hive/Unit+Testing+Hive+SQL.html]
[cwiki.apache.org/confluence/display/Hive/Unit+Testing+Hive+SQL3809.html]
[cwiki.apache.org/confluence/display/Hive/Using+TiDB+as+the+Hive+Metastore+database.html]
[cwiki.apache.org/confluence/display/Hive/Hive+on+Tez.html]
[cwiki.apache.org/confluence/download/attachments/62689557/LLAP_diagramd84e.png]
[cwiki.apache.org/confluence/display/Hive/LLAP.html]
[cwiki.apache.org/confluence/display/SLIDER/Slider+Home.html]
[cwiki.apache.org/confluence/display/Hive/DeveloperGuide.html]
[cwiki.apache.org/confluence/display/Hive/HCatalog+StorageFormats.html]
[cwiki.apache.org/confluence/display/Hive/HCatalog+UsingHCat.html]
[cwiki.apache.org/confluence/display/Hive/HCatalog+InstallHCat.html]
[cwiki.apache.org/confluence/display/Hive/HCatalog+LoadStore.html]
[cwiki.apache.org/confluence/display/Hive/HCatalog+ReaderWriter.html]
[cwiki.apache.org/confluence/display/Hive/HCatalog+DynamicPartitions.html]
[cwiki.apache.org/confluence/display/Hive/HCatalog+Authorization.html]
[cwiki.apache.org/confluence/display/Hive/HCatalog+Configuration+Properties.html]
[cwiki.apache.org/confluence/display/Hive/HCatalog.html]
[cwiki.apache.org/confluence/display/HCATALOG/Index.html]
[cwiki.apache.org/confluence/display/Hive/WebHCat+UsingWebHCat.html]
[cwiki.apache.org/confluence/display/Hive/WebHCat+InstallWebHCat.html]
[cwiki.apache.org/confluence/display/Hive/WebHCat+Configure.html]
[cwiki.apache.org/confluence/display/Hive/WebHCat.html]
[cwiki.apache.org/confluence/display/Hive/GettingStarted.html]
[cwiki.apache.org/confluence/display/Hive/HiveDerbyServerMode.html]
[cwiki.apache.org/confluence/display/Hive/Presentations.html]
[cwiki.apache.org/confluence/display/Hive/PoweredBy.html]
[cwiki.apache.org/confluence/display/Hive/User+FAQ.html]
[cwiki.apache.org/confluence/display/Hive/Tutorial.html]
[cwiki.apache.org/confluence/display/Hive/DynamicPartitions.html]
[cwiki.apache.org/confluence/display/Hive/LanguageManual+Joins.html]
[cwiki.apache.org/confluence/display/Hive/LanguageManual+LateralView.html]
[cwiki.apache.org/confluence/display/Hive/LanguageManual+Union.html]
[cwiki.apache.org/confluence/display/Hive/LanguageManual+SubQueries.html]
[cwiki.apache.org/confluence/display/Hive/LanguageManual+Sampling.html]
[cwiki.apache.org/confluence/display/Hive/LanguageManual+VirtualColumns.html]
[cwiki.apache.org/confluence/display/Hive/Literals.html]
[cwiki.apache.org/confluence/display/Hive/LanguageManual+WindowingAndAnalytics.html]
[cwiki.apache.org/confluence/display/Hive/LanguageManual+JoinOptimization.html]
[cwiki.apache.org/confluence/display/Hive/Enhanced+Aggregation,+Cube,+Grouping+and+Rollup.html]
[cwiki.apache.org/confluence/display/Hive/LanguageManual+GroupBy.html]
[cwiki.apache.org/confluence/display/Hive/LanguageManual+SortBy.html]
[cwiki.apache.org/confluence/display/Hive/LanguageManual+Transform.html]
[cwiki.apache.org/confluence/display/Hive/LanguageManual+XPathUDF.html]
[cwiki.apache.org/confluence/display/Hive/Storage+Based+Authorization+in+the+Metastore+Server.html]
[cwiki.apache.org/confluence/display/Hive/LanguageManual.html]
[cwiki.apache.org/confluence/display/Hive/SQL+Standard+Based+Hive+Authorization.html]
[cwiki.apache.org/confluence/display/Hive/LanguageManual+Commands.html]
[cwiki.apache.org/confluence/display/Hive/LanguageManual+Cli.html]
[cwiki.apache.org/confluence/display/Hive/CAST...html]
[cwiki.apache.org/confluence/display/Hive/LanguageManual+Types.html]
[cwiki.apache.org/confluence/display/Hive/Managed+vs.html]
[cwiki.apache.org/confluence/display/Hive/Scheduled+Queries.html]
[cwiki.apache.org/confluence/display/Hive/Datasketches+Integration.html]
[cwiki.apache.org/confluence/display/Hive/Data+Connectors+in+Hive.html]
[cwiki.apache.org/confluence/display/Hive/Exchange+Partition.html]
[cwiki.apache.org/confluence/display/Hive/Common+Table+Expression.html]
[cwiki.apache.org/confluence/display/Hive/Skewed+Join+Optimization.html]
[cwiki.apache.org/confluence/display/Hive/ListBucketing.html]
[cwiki.apache.org/confluence/display/Hive/IndexDev.html]
[cwiki.apache.org/confluence/display/Hive/Locking.html]
[cwiki.apache.org/confluence/display/Hive/LanguageManual+DDL.html]
[cwiki.apache.org/confluence/display/Hive/WebHCat+Reference+AllDDL.html]
[cwiki.apache.org/confluence/display/Hive/Column+Statistics+in+Hive.html]
[cwiki.apache.org/confluence/display/Hive/Top+K+Stats.html]
[cwiki.apache.org/confluence/display/Hive/StatsDev.html]
[cwiki.apache.org/confluence/display/Hive/HBaseMetastoreDevelopmentGuide.html]
[cwiki.apache.org/confluence/display/Hive/LanguageManual+Indexing.html]
[cwiki.apache.org/confluence/display/Hive/IndexDev+Bitmap.html]
[cwiki.apache.org/confluence/display/Hive/LanguageManual+Archiving.html]
[cwiki.apache.org/confluence/display/Hive/LanguageManual+DML.html]
[cwiki.apache.org/confluence/display/Hive/LanguageManual+ImportExport.html]
[cwiki.apache.org/confluence/display/Hive/LanguageManual+Explain.html]
[cwiki.apache.org/confluence/display/Hive/Partition+Filter+Syntax.html]
[cwiki.apache.org/confluence/display/Hive/LanguageManual+Select.html]
[cwiki.apache.org/confluence/display/Hive/OuterJoinBehavior.html]
[cwiki.apache.org/confluence/display/Hive/LanguageManual+UDF.html]
[cwiki.apache.org/confluence/display/Hive/LanguageManual+Locks.html]
[cwiki.apache.org/confluence/display/Hive/AuthDev.html]
[cwiki.apache.org/confluence/display/Hive/LanguageManual+Authorization.html]
[cwiki.apache.org/confluence/display/Hive/Security.html]
[cwiki.apache.org/confluence/display/Hive/FileFormats.html]
[cwiki.apache.org/confluence/display/Hive/RCFile.html]
[cwiki.apache.org/confluence/download/attachments/31818911/OrcFileLayout0cc8.png]
[cwiki.apache.org/confluence/display/Hive/LanguageManual+ORC.html]
[cwiki.apache.org/confluence/display/Hive/Parquet.html]
[cwiki.apache.org/confluence/display/Hive/CompressedStorage.html]
[cwiki.apache.org/confluence/display/Hive/LanguageManual+LZO.html]
[cwiki.apache.org/confluence/display/Hive/Hive+on+Spark.html]
[cwiki.apache.org/confluence/display/Hive/Correlation+Optimizer.html]
[cwiki.apache.org/confluence/display/Hive/Vectorized+Query+Execution.html]
[cwiki.apache.org/confluence/display/Hive/Configuration+Properties.html]
[cwiki.apache.org/confluence/display/Hive/User+and+Group+Filter+Support+with+LDAP+Atn+Provider+in+HiveServer2.html]
[cwiki.apache.org/confluence/display/Hive/HiveClient.html]
[cwiki.apache.org/confluence/download/attachments/65872987/Screen Shot H2 metrics28e4.png]
[cwiki.apache.org/confluence/display/Hive/Hive+Metrics.html]
[cwiki.apache.org/confluence/display/Hive/WebHCat+Reference+Hive.html]
[cwiki.apache.org/confluence/display/Hive/WebHCat+Reference+Pig.html]
[cwiki.apache.org/confluence/display/Hive/WebHCat+Reference+MapReduceJar.html]
[cwiki.apache.org/confluence/display/Hive/HiveWebInterface.html]
[cwiki.apache.org/confluence/display/Hive/WebHCat+Reference+MapReduceStream.html]
[cwiki.apache.org/confluence/display/Hive/MultiDelimitSerDe.html]
[cwiki.apache.org/confluence/display/Hive/SerDe2a52.html]
[cwiki.apache.org/confluence/display/Hive/SerDe72c5.html]
[cwiki.apache.org/confluence/display/Hive/SerDeb899.html]
[cwiki.apache.org/confluence/display/Hive/SerDec4fc.html]
[cwiki.apache.org/confluence/display/Hive/SerDe775a.html]
[cwiki.apache.org/confluence/display/Hive/SerDebab0.html]
[cwiki.apache.org/confluence/display/Hive/SerDe2699.html]
[cwiki.apache.org/confluence/display/Hive/SerDe.html]
[cwiki.apache.org/confluence/display/Hive/SerDe5e7b.html]
[cwiki.apache.org/confluence/display/Hive/FilterPushdownDev.html]
[cwiki.apache.org/confluence/display/Hive/HBaseIntegration.html]
[cwiki.apache.org/confluence/display/Hive/HBaseBulkLoad.html]
[cwiki.apache.org/confluence/download/attachments/61337025/mutate-api-system-overview64a5.png]
[cwiki.apache.org/confluence/display/Hive/HCatalog+Streaming+Mutation+API.html]
[cwiki.apache.org/confluence/display/Hive/AdminManual+Installation.html]
[cwiki.apache.org/confluence/display/Hive/AdminManual+Configuration.html]
[cwiki.apache.org/confluence/display/Hive/Hive+MetaTool.html]
[cwiki.apache.org/confluence/display/Hive/AdminManual+Metastore+Administration.html]
[cwiki.apache.org/confluence/display/Hive/Hive+Schema+Tool.html]
[cwiki.apache.org/confluence/display/Hive/AdminManual+SettingUpHiveServer.html]
[cwiki.apache.org/confluence/display/Hive/Setting+up+HiveServer2-2.html]
[cwiki.apache.org/confluence/display/Hive/HiveJDBCInterface.html]
[cwiki.apache.org/confluence/display/Hive/HiveODBC.html]
[cwiki.apache.org/confluence/display/Hive/HiveServer.html]
[cwiki.apache.org/confluence/download/attachments/30758712/hs2-webui6a1a.png]
[cwiki.apache.org/confluence/display/Hive/Setting+Up+HiveServer2.html]
[cwiki.apache.org/confluence/display/Hive/HiveAws.html]
[cwiki.apache.org/confluence/display/Hive/PhabricatorCodeReview.html]
[cwiki.apache.org/confluence/display/Hive/Review+Board.html]
[cwiki.apache.org/confluence/display/Hive/HowToContribute.html]
[cwiki.apache.org/confluence/display/Hive/ContributorDay2011.html]
[cwiki.apache.org/confluence/display/Hive/ContributorMinutes20110907.html]
[cwiki.apache.org/confluence/display/Hive/ContributorMinutes20111205.html]
[cwiki.apache.org/confluence/display/Hive/ContributorMinutes20120418.html]
[cwiki.apache.org/confluence/display/Hive/ContributorsMinutes110726.html]
[cwiki.apache.org/confluence/display/Hive/Development+ContributorsMeetings+HiveContributorsMinutes110425.html]
[cwiki.apache.org/confluence/display/Hive/Development+ContributorsMeetings+HiveContributorsMinutes101025.html]
[cwiki.apache.org/confluence/display/Hive/Development+ContributorsMeetings+HiveContributorsMinutes100913.html]
[cwiki.apache.org/confluence/display/Hive/Development+ContributorsMeetings+HiveContributorsMinutes100808.html]
[cwiki.apache.org/confluence/display/Hive/Development+ContributorsMeetings+HiveContributorsMinutes100706.html]
[cwiki.apache.org/confluence/display/Hive/Development+ContributorsMeetings.html]
[cwiki.apache.org/confluence/display/Hive/Development+ContributorsMeetings+HiveContributorsMinutes100601.html]
[cwiki.apache.org/confluence/display/Hive/MiniDriver+Tests.html]
[cwiki.apache.org/confluence/display/Hive/DeveloperGuide+UDTF.html]
[cwiki.apache.org/confluence/display/Hive/Unit+Test+Parallel+Execution.html]
[cwiki.apache.org/confluence/display/Hive/TipsForAddingNewTests.html]
[cwiki.apache.org/confluence/display/Hive/Running+Yetus.html]
[cwiki.apache.org/confluence/display/Hive/MetaStore+API+Tests.html]
[cwiki.apache.org/confluence/display/Hive/Performance.html]
[cwiki.apache.org/confluence/download/attachments/27362072/system_architecture1c70.png]
[cwiki.apache.org/confluence/display/Hive/Design.html]
[cwiki.apache.org/confluence/display/Hive/AccessServer+Design+Proposal.html]
[cwiki.apache.org/confluence/display/Hive/Binary+DataType+Proposal.html]
[cwiki.apache.org/confluence/display/Hive/GroupByWithRollup.html]
[cwiki.apache.org/confluence/display/Hive/HiveServer2+Thrift+API.html]
[cwiki.apache.org/confluence/display/Hive/Hybrid+Hybrid+Grace+Hash+Join,+v1.html]
[cwiki.apache.org/confluence/display/Hive/Links.html]
[cwiki.apache.org/confluence/display/Hive/MapJoin+and+Partition+Pruning.html]
[cwiki.apache.org/confluence/display/Hive/PartitionedViews.html]
[cwiki.apache.org/confluence/display/Hive/Spatial+queries.html]
[cwiki.apache.org/confluence/display/Hive/Theta+Join.html]
[cwiki.apache.org/confluence/display/Hive/Transitivity+on+predicate+pushdown.html]
[cwiki.apache.org/confluence/display/Hive/Type+Qualifiers+in+Hive.html]
[cwiki.apache.org/confluence/display/Hive/ViewDev.html]
[cwiki.apache.org/confluence/display/Hive/Subqueries+in+SELECT.html]
[cwiki.apache.org/confluence/display/Hive/Different+TIMESTAMP+types.html]
[cwiki.apache.org/confluence/display/Hive/HIVE-24543_+Support+SAML+2.html]
[cwiki.apache.org/confluence/display/Hive/Howl.html]
[cwiki.apache.org/confluence/display/Hive/Enhanced+Aggregation,+Cube,+Grouping+and+Rollup-2.html]
[cwiki.apache.org/confluence/display/Hive/Hive-Tez+Compatibility.html]
[cwiki.apache.org/confluence/display/Hive/MapJoinOptimization.html]
[cwiki.apache.org/confluence/display/Hive/DesignDocs.html]
[cwiki.apache.org/confluence/display/Hive/UpdatableViews.html]
[cwiki.apache.org/confluence/display/Hive/Roadmap.html]
[cwiki.apache.org/confluence/download/attachments/27823300/HiveCommitter3679.png]
[cwiki.apache.org/confluence/display/Hive/BecomingACommitter.html]
[cwiki.apache.org/confluence/display/Hive/HowToCommit.html]
[cwiki.apache.org/confluence/display/Hive/Storage+API+Release+Proposal.html]
[cwiki.apache.org/confluence/display/Hive/HowToRelease.html]
[cwiki.apache.org/confluence/display/Hive/StorageHandlers.html]
[cwiki.apache.org/confluence/display/Hive/Supported+Features_+Apache+Hive+2.html]
[cwiki.apache.org/confluence/display/Hive/Supported+Features_+Apache+Hive+2-2.html]
[cwiki.apache.org/confluence/display/Hive/Supported+Features_++Apache+Hive+3a122.html]
[cwiki.apache.org/confluence/display/Hive/Supported+Features_++Apache+Hive+32213.html]
[cwiki.apache.org/confluence/display/Hive/Supported+Features_++Apache+Hive+34cea.html]
[cwiki.apache.org/confluence/display/Hive/Supported+Features_++Apache+Hive+3fb53.html]
[cwiki.apache.org/confluence/display/Hive/Supported+Features_++Apache+Hive+3.html]
[cwiki.apache.org/confluence/display/Hive/Supported+Features_++Apache+Hive+32de8.html]
[cwiki.apache.org/confluence/display/Hive/Proposed+Changes+to+Hive+Bylaws+for+Submodule+Committers.html]
[cwiki.apache.org/confluence/display/Hive/Proposed+Changes+to+Hive+Bylaws+-+January+2014.html]
[cwiki.apache.org/confluence/download/attachments/42566775/CalciteArchitectureOverviewe094.jpg]
[cwiki.apache.org/confluence/download/attachments/42566775/Phase143fc.jpg]
[cwiki.apache.org/confluence/download/attachments/42566775/Phase24c8e.jpg]
[cwiki.apache.org/confluence/download/attachments/42566775/Phase3819a.jpg]
[cwiki.apache.org/confluence/display/Hive/Cost-based+optimization+in+Hive.html]
[cwiki.apache.org/confluence/display/Hive/Hive+0.13.html]
[cwiki.apache.org/confluence/display/Hive/Committed+jiras+for+1.2.html]
[cwiki.apache.org/confluence/display/Hive/Committed+JIRAS+for+branch-1.2.html]
[cwiki.apache.org/confluence/display/Hive/Hive+14ce7.html]
[cwiki.apache.org/confluence/display/Hive/Hive+11b42.html]
[cwiki.apache.org/confluence/download/attachments/27842477/design1544.png]
[cwiki.apache.org/confluence/download/attachments/27842477/createTbl1544.png]
[cwiki.apache.org/confluence/download/attachments/27842477/addptndesc1544.png]
[cwiki.apache.org/confluence/download/attachments/27842477/table67e0.png]
[cwiki.apache.org/confluence/download/attachments/27842477/db1544.png]
[cwiki.apache.org/confluence/download/attachments/27842477/ptn67e0.png]
[cwiki.apache.org/confluence/display/HCATALOG/Design+Document+-+Java+APIs+for+HCatalog+DDL+Commands.html]
[cwiki.apache.org/confluence/display/Hive/HCatalog+InputOutput.html]
[cwiki.apache.org/confluence/display/Hive/HCatalog+CLI.html]
[cwiki.apache.org/confluence/display/Hive/WebHCat+Reference+ResponseTypes.html]
[cwiki.apache.org/confluence/display/Hive/WebHCat+Reference+Status.html]
[cwiki.apache.org/confluence/display/Hive/WebHCat+Reference+Version.html]
[cwiki.apache.org/confluence/display/Hive/WebHCat+Reference+VersionHive.html]
[cwiki.apache.org/confluence/display/Hive/WebHCat+Reference+VersionHadoop.html]
[cwiki.apache.org/confluence/display/Hive/WebHCat+Reference+JobIDs.html]
[cwiki.apache.org/confluence/display/Hive/WebHCat+Reference+JobInfo.html]
[cwiki.apache.org/confluence/display/Hive/WebHCat+Reference+DeleteJob.html]
[cwiki.apache.org/confluence/display/Hive/WebHCat+Reference+Jobs.html]
[cwiki.apache.org/confluence/display/Hive/WebHCat+Reference+Job.html]
[cwiki.apache.org/confluence/display/Hive/WebHCat+Reference+DeleteJobID.html]
[cwiki.apache.org/confluence/display/Hive/WebHCat+Reference+DDL.html]
[cwiki.apache.org/confluence/display/Hive/WebHCat+Reference+GetDBs.html]
[cwiki.apache.org/confluence/display/Hive/WebHCat+Reference+GetDB.html]
[cwiki.apache.org/confluence/display/Hive/WebHCat+Reference+PutDB.html]
[cwiki.apache.org/confluence/display/Hive/WebHCat+Reference+DeleteDB.html]
[cwiki.apache.org/confluence/display/Hive/WebHCat+Reference+GetTables.html]
[cwiki.apache.org/confluence/display/Hive/WebHCat+Reference+GetTable.html]
[cwiki.apache.org/confluence/display/Hive/WebHCat+Reference+PutTable.html]
[cwiki.apache.org/confluence/display/Hive/WebHCat+Reference+PostTable.html]
[cwiki.apache.org/confluence/display/Hive/WebHCat+Reference+DeleteTable.html]
[cwiki.apache.org/confluence/display/Hive/WebHCat+Reference+PutTableLike.html]
[cwiki.apache.org/confluence/display/Hive/WebHCat+Reference+GetPartitions.html]
[cwiki.apache.org/confluence/display/Hive/WebHCat+Reference+GetPartition.html]
[cwiki.apache.org/confluence/display/Hive/WebHCat+Reference+PutPartition.html]
[cwiki.apache.org/confluence/display/Hive/WebHCat+Reference+DeletePartition.html]
[cwiki.apache.org/confluence/display/Hive/WebHCat+Reference+GetColumns.html]
[cwiki.apache.org/confluence/display/Hive/WebHCat+Reference+GetColumn.html]
[cwiki.apache.org/confluence/display/Hive/WebHCat+Reference+PutColumn.html]
[cwiki.apache.org/confluence/display/Hive/WebHCat+Reference+GetProperties.html]
[cwiki.apache.org/confluence/display/Hive/WebHCat+Reference+GetProperty.html]
[cwiki.apache.org/confluence/display/Hive/WebHCat+Reference.html]
[cwiki.apache.org/confluence/display/Hive/WebHCat+Reference+PutProperty.html]
[cwiki.apache.org/confluence/display/Hive/Hive+APIs+Overviewb4ba.html]
[cwiki.apache.org/confluence/download/attachments/50858744/image2015-1-12 15_0_2529b5.png]
[cwiki.apache.org/confluence/download/attachments/50858744/image2015-1-12 15_2_3729b5.png]
[cwiki.apache.org/confluence/display/Hive/Hive+on+Spark_+Join+Design+Master.html]
[cwiki.apache.org/confluence/display/Hive/Hive+on+Spark_+Getting+Started39d1.html]
[cwiki.apache.org/confluence/display/Hive/Jenkins+Script.html]
[cwiki.apache.org/confluence/s/585884a9f3984b0aaecef0baf40c1e6e-CDN/6dvx22/8703/4mhn8a/0c075968d80867658b76057206641752/_/download/contextbatch/css/atl.confluence.macros.expand.desktop,viewconten/batch1203.css]
[cwiki.apache.org/confluence/display/Hive/Replacing+the+Implementation+of+Hive+CLI+Using+Beeline.html]
[cwiki.apache.org/confluence/display/Hive/LanguageManual+DDL+BucketedTables.html]
[cwiki.apache.org/confluence/display/Hive/HivePlugins.html]
[cwiki.apache.org/confluence/display/Hive/ReflectUDF.html]
[cwiki.apache.org/confluence/display/Hive/ReflectUDFe49d.html]
[cwiki.apache.org/confluence/display/Hive/GenericUDAFCaseStudy.html]
[cwiki.apache.org/confluence/display/Hive/StatisticsAndDataMining.html]
[cwiki.apache.org/confluence/display/Hive/HCatalog+Notification.html]
[cwiki.apache.org/confluence/display/Hive/HiveReplicationDevelopment.html]
[cwiki.apache.org/confluence/display/Hive/HiveReplicationv2Development.html]
[cwiki.apache.org/confluence/display/Hive/LanguageManual+VariableSubstitution.html]
[cwiki.apache.org/confluence/display/Hive/Unit+Testing+Hive+SQL0a76.html]
[cwiki.apache.org/confluence/display/Hive/Unit+Testing+Hive+SQL3809.html]
[cwiki.apache.org/confluence/display/Hive/Hive+on+Tez.html]
[cwiki.apache.org/confluence/display/SLIDER/Slider+Apps.html]
[cwiki.apache.org/confluence/display/SLIDER/Slider+Home.html]
[cwiki.apache.org/confluence/display/Hive/HCatalog+StorageFormats.html]
[cwiki.apache.org/confluence/download/attachments/34013260/hcat-product68fb.jpg]
[cwiki.apache.org/confluence/display/Hive/HCatalog+UsingHCat.html]
[cwiki.apache.org/confluence/display/Hive/HCatalog+InstallHCat.html]
[cwiki.apache.org/confluence/display/Hive/HCatalog+LoadStore.html]
[cwiki.apache.org/confluence/display/Hive/HCatalog+ReaderWriter.html]
[cwiki.apache.org/confluence/display/Hive/HCatalog+DynamicPartitions.html]
[cwiki.apache.org/confluence/display/Hive/HCatalog+Authorization.html]
[cwiki.apache.org/confluence/display/Hive/HCatalog+Configuration+Properties.html]
[cwiki.apache.org/confluence/display/HCATALOG/Compression+Techniques+in+Columnar+Storage.html]
[cwiki.apache.org/confluence/display/HCATALOG/Developer+Documentation.html]
[cwiki.apache.org/confluence/display/HCATALOG/EventNotification.html]
[cwiki.apache.org/confluence/display/HCATALOG/FAQ.html]
[cwiki.apache.org/confluence/display/HCATALOG/Generic+MR+Random+Access+Framework.html]
[cwiki.apache.org/confluence/display/HCATALOG/HBase+Input+Storage+Driver.html]
[cwiki.apache.org/confluence/display/HCATALOG/HBase+Output+Storage+Driver+-+Design.html]
[cwiki.apache.org/confluence/display/HCATALOG/HBase+Secure+Bulk+Load.html]
[cwiki.apache.org/confluence/display/HCATALOG/HCatalog+HBase+Integration+Design.html]
[cwiki.apache.org/confluence/display/HCATALOG/HCatalogJournal.html]
[cwiki.apache.org/confluence/display/HCATALOG/HCatalog+Roadmap.html]
[cwiki.apache.org/confluence/display/HCATALOG/HCatMix.html]
[cwiki.apache.org/confluence/display/HCATALOG/Hcat+Security+Design.html]
[cwiki.apache.org/confluence/display/HCATALOG/Life+of+an+HCatalog+Query.html]
[cwiki.apache.org/confluence/display/HCATALOG/Mark+Partitions+Done.html]
[cwiki.apache.org/confluence/display/HCATALOG/Random+Access+Framework.html]
[cwiki.apache.org/confluence/display/HCATALOG/Random+Reads+with+Pig.html]
[cwiki.apache.org/confluence/display/HCATALOG/Snapshots+and+Repeatable+reads+for+HBase+Tables.html]
[cwiki.apache.org/confluence/display/HCATALOG/Storage+Based+Authorization.html]
[cwiki.apache.org/confluence/display/HCATALOG/Use+Case+for+Snapshots.html]
[cwiki.apache.org/confluence/display/HCATALOG/Index.html]
[cwiki.apache.org/confluence/download/attachments/34015492/WebHCatArche2e1.jpg]
[cwiki.apache.org/confluence/display/Hive/WebHCat+UsingWebHCat.html]
[cwiki.apache.org/confluence/display/Hive/WebHCat+InstallWebHCat.html]
[cwiki.apache.org/confluence/display/Hive/WebHCat+Configure.html]
[cwiki.apache.org/confluence/display/Hive/HiveDerbyServerMode.html]
[cwiki.apache.org/confluence/display/Hive/DynamicPartitions.html]
[cwiki.apache.org/confluence/display/Hive/LanguageManual+Joins.html]
[cwiki.apache.org/confluence/display/Hive/LanguageManual+LateralView.html]
[cwiki.apache.org/confluence/display/Hive/LanguageManual+Union.html]
[cwiki.apache.org/confluence/display/Hive/LanguageManual+SubQueries.html]
[cwiki.apache.org/confluence/display/Hive/LanguageManual+Sampling.html]
[cwiki.apache.org/confluence/display/Hive/LanguageManual+VirtualColumns.html]
[cwiki.apache.org/confluence/display/Hive/Literals.html]
[cwiki.apache.org/confluence/display/Hive/LanguageManual+WindowingAndAnalytics.html]
[cwiki.apache.org/confluence/display/Hive/LanguageManual+JoinOptimization.html]
[cwiki.apache.org/confluence/display/Hive/Enhanced+Aggregation,+Cube,+Grouping+and+Rollup2183.html]
[cwiki.apache.org/confluence/display/Hive/Enhanced+Aggregation,+Cube,+Grouping+and+Rollupe041.html]
[cwiki.apache.org/confluence/display/Hive/Enhanced+Aggregation,+Cube,+Grouping+and+Rollup.html]
[cwiki.apache.org/confluence/display/Hive/Enhanced+Aggregation,+Cube,+Grouping+and+Rollupea80.html]
[cwiki.apache.org/confluence/display/Hive/LanguageManual+GroupBy.html]
[cwiki.apache.org/confluence/display/Hive/LanguageManual+SortBy.html]
[cwiki.apache.org/confluence/display/Hive/LanguageManual+Transform.html]
[cwiki.apache.org/confluence/display/Hive/LanguageManual+XPathUDF.html]
[cwiki.apache.org/confluence/display/Hive/Storage+Based+Authorization+in+the+Metastore+Server.html]
[cwiki.apache.org/confluence/display/Hive/SQL+Standard+Based+Hive+Authorization.html]
[cwiki.apache.org/confluence/display/Hive/CAST...html]
[cwiki.apache.org/confluence/display/Hive/Managed+vs.html]
[cwiki.apache.org/confluence/display/Hive/Scheduled+Queries.html]
[cwiki.apache.org/confluence/display/Hive/Datasketches+Integration.html]
[cwiki.apache.org/confluence/display/Hive/Data+Connectors+in+Hive.html]
[cwiki.apache.org/confluence/display/Hive/Exchange+Partition.html]
[cwiki.apache.org/confluence/display/Hive/Common+Table+Expression.html]
[cwiki.apache.org/confluence/display/Hive/Union+Optimization.html]
[cwiki.apache.org/confluence/display/Hive/Skewed+Join+Optimization0ffa.html]
[cwiki.apache.org/confluence/display/Hive/Skewed+Join+Optimization.html]
[cwiki.apache.org/confluence/display/Hive/Skewed+Join+Optimizatione415.html]
[cwiki.apache.org/confluence/display/Hive/ListBucketinga6b1.html]
[cwiki.apache.org/confluence/display/Hive/ListBucketing2d5a.html]
[cwiki.apache.org/confluence/display/Hive/ListBucketing2a73.html]
[cwiki.apache.org/confluence/display/Hive/ListBucketing14ee.html]
[cwiki.apache.org/confluence/display/Hive/ListBucketing57b6.html]
[cwiki.apache.org/confluence/display/Hive/ListBucketing802c.html]
[cwiki.apache.org/confluence/display/Hive/ListBucketing6dfa.html]
[cwiki.apache.org/confluence/display/Hive/ListBucketing.html]
[cwiki.apache.org/confluence/display/Hive/ListBucketing9012.html]
[issues.apache.org/jira/secure/attachment/12449601/idx2.png]
[cwiki.apache.org/confluence/display/Hive/IndexDev.html]
[cwiki.apache.org/confluence/display/Hive/End2EndTests.html]
[cwiki.apache.org/confluence/display/Hive/Locking.html]
[cwiki.apache.org/confluence/display/Hive/WebHCat+Reference+AllDDL.html]
[cwiki.apache.org/confluence/display/Hive/Column+Statistics+in+Hivefa5b.html]
[cwiki.apache.org/confluence/display/Hive/Column+Statistics+in+Hive.html]
[cwiki.apache.org/confluence/display/Hive/Column+Statistics+in+Hived4c8.html]
[cwiki.apache.org/confluence/display/Hive/Top+K+Stats.html]
[cwiki.apache.org/confluence/display/Hive/Hbase+execution+plans+for+RawStore+partition+filter+condition.html]
[cwiki.apache.org/confluence/display/Hive/HBaseMetastoreDevelopmentGuide.html]
[issues.apache.org/jira/secure/attachment/12460083/bitmap_index_1.png]
[issues.apache.org/jira/secure/attachment/12460124/bitmap_index_2.png]
[cwiki.apache.org/confluence/display/Hive/IndexDev+Bitmap.html]
[cwiki.apache.org/confluence/display/Hive/Partition+Filter+Syntax.html]
[cwiki.apache.org/confluence/display/Hive/OuterJoinBehavior.html]
[cwiki.apache.org/confluence/display/Hive/AuthDev.html]
[cwiki.apache.org/confluence/display/Hive/Security.html]
[cwiki.apache.org/confluence/display/Hive/AdminManual+MetastoreAdmin.html]
[cwiki.apache.org/confluence/display/Hive/Hive+on+Spark.html]
[cwiki.apache.org/confluence/download/attachments/34019487/Example1NotOptimizedfa93.png]
[cwiki.apache.org/confluence/download/attachments/34019487/Example1Optimizedfa93.png]
[cwiki.apache.org/confluence/download/attachments/34019487/Example2NotOptimizedfa93.png]
[cwiki.apache.org/confluence/download/attachments/34019487/Example2Optimizedfa93.png]
[cwiki.apache.org/confluence/download/attachments/34019487/Example3NotOptimizedfa93.png]
[cwiki.apache.org/confluence/download/attachments/34019487/Example3Optimizedfa93.png]
[cwiki.apache.org/confluence/display/Hive/Correlation+Optimizer.html]
[cwiki.apache.org/confluence/display/Hive/Vectorized+Query+Execution.html]
[cwiki.apache.org/confluence/display/Hive/User+and+Group+Filter+Support+with+LDAP+Atn+Provider+in+HiveServer2.html]
[cwiki.apache.org/confluence/display/Hive/WebHCat+Reference+Hive.html]
[cwiki.apache.org/confluence/display/Hive/WebHCat+Reference+Pig.html]
[cwiki.apache.org/confluence/display/Hive/WebHCat+Reference+MapReduceJar.html]
[cwiki.apache.org/confluence/display/Hive/WebHCat+Reference+MapReduceStream.html]
[cwiki.apache.org/confluence/display/Hive/MultiDelimitSerDeb0af.html]
[cwiki.apache.org/confluence/display/Hive/MultiDelimitSerDe.html]
[cwiki.apache.org/confluence/display/Hive/MultiDelimitSerDedc1d.html]
[cwiki.apache.org/confluence/display/Hive/SerDe2a52.html]
[cwiki.apache.org/confluence/display/Hive/SerDe72c5.html]
[cwiki.apache.org/confluence/display/Hive/SerDeb899.html]
[cwiki.apache.org/confluence/display/Hive/SerDec4fc.html]
[cwiki.apache.org/confluence/display/Hive/SerDe775a.html]
[cwiki.apache.org/confluence/display/Hive/SerDebab0.html]
[cwiki.apache.org/confluence/display/Hive/SerDe2699.html]
[cwiki.apache.org/confluence/display/Hive/SerDe5e7b.html]
[cwiki.apache.org/confluence/display/Hive/FilterPushdownDev.html]
[cwiki.apache.org/confluence/display/Hive/HBaseBulkLoad.html]
[cwiki.apache.org/confluence/display/Hive/Hive+MetaTool.html]
[cwiki.apache.org/confluence/display/Hive/Setting+up+HiveServer2-2.html]
[cwiki.apache.org/confluence/display/Hive/PhabricatorCodeReview.html]
[cwiki.apache.org/confluence/display/Hive/Review+Board.html]
[cwiki.apache.org/confluence/display/Hive/ContributorDay2011.html]
[cwiki.apache.org/confluence/display/Hive/ContributorMinutes20110907.html]
[cwiki.apache.org/confluence/display/Hive/ContributorMinutes20111205.html]
[cwiki.apache.org/confluence/display/Hive/ContributorMinutes20120418.html]
[cwiki.apache.org/confluence/display/Hive/ContributorsMinutes110726.html]
[cwiki.apache.org/confluence/display/Hive/Development+ContributorsMeetings+HiveContributorsMinutes110425.html]
[cwiki.apache.org/confluence/display/Hive/Development+ContributorsMeetings+HiveContributorsMinutes101025.html]
[cwiki.apache.org/confluence/display/Hive/Development+ContributorsMeetings+HiveContributorsMinutes100913.html]
[cwiki.apache.org/confluence/display/Hive/Development+ContributorsMeetings+HiveContributorsMinutes100808.html]
[cwiki.apache.org/confluence/display/Hive/Development+ContributorsMeetings+HiveContributorsMinutes100706.html]
[cwiki.apache.org/confluence/display/Hive/Development+ContributorsMeetings+HiveContributorsMinutes100601.html]
[cwiki.apache.org/confluence/download/attachments/31823045/HiveServer2BlockDiagram09e5.png]
[cwiki.apache.org/confluence/download/attachments/31823045/AccessServerBlockDiagram489a.png]
[cwiki.apache.org/confluence/display/Hive/AccessServer+Design+Proposal.html]
[cwiki.apache.org/confluence/display/Hive/Binary+DataType+Proposal.html]
[cwiki.apache.org/confluence/display/Hive/GroupByWithRollup.html]
[cwiki.apache.org/confluence/display/Hive/HiveServer2+Thrift+API.html]
[cwiki.apache.org/confluence/display/Hive/Hybrid+Hybrid+Grace+Hash+Join,+v1.html]
[cwiki.apache.org/confluence/display/Hive/Linkse804.html]
[cwiki.apache.org/confluence/display/Hive/Links3b9f.html]
[cwiki.apache.org/confluence/display/Hive/Links852d.html]
[cwiki.apache.org/confluence/display/Hive/Links746e.html]
[cwiki.apache.org/confluence/display/Hive/Linksa311.html]
[cwiki.apache.org/confluence/display/Hive/Links9e55.html]
[cwiki.apache.org/confluence/display/Hive/Linksdf97.html]
[cwiki.apache.org/confluence/display/Hive/Links18dc.html]
[cwiki.apache.org/confluence/display/Hive/Linksc37c.html]
[cwiki.apache.org/confluence/display/Hive/Links1a5b.html]
[cwiki.apache.org/confluence/display/Hive/Links771e.html]
[cwiki.apache.org/confluence/display/Hive/Links4cb8.html]
[cwiki.apache.org/confluence/display/Hive/Links1f5c.html]
[cwiki.apache.org/confluence/display/Hive/Links3974.html]
[cwiki.apache.org/confluence/display/Hive/Links7e57.html]
[cwiki.apache.org/confluence/display/Hive/Linksf7b7.html]
[cwiki.apache.org/confluence/display/Hive/Linksb07e.html]
[cwiki.apache.org/confluence/display/Hive/Linkscf77.html]
[cwiki.apache.org/confluence/display/Hive/Links80a4.html]
[cwiki.apache.org/confluence/display/Hive/Linksa21b.html]
[cwiki.apache.org/confluence/display/Hive/Links7aa7.html]
[cwiki.apache.org/confluence/display/Hive/Links.html]
[cwiki.apache.org/confluence/display/Hive/Links036f.html]
[cwiki.apache.org/confluence/display/Hive/MapJoin+and+Partition+Pruning.html]
[cwiki.apache.org/confluence/display/Hive/PartitionedViews.html]
[cwiki.apache.org/confluence/display/Hive/Spatial+queries.html]
[cwiki.apache.org/confluence/display/Hive/Theta+Join.html]
[cwiki.apache.org/confluence/display/Hive/Transitivity+on+predicate+pushdown.html]
[cwiki.apache.org/confluence/display/Hive/Type+Qualifiers+in+Hive.html]
[cwiki.apache.org/confluence/display/Hive/ViewDev.html]
[cwiki.apache.org/confluence/display/Hive/Subqueries+in+SELECT.html]
[cwiki.apache.org/confluence/display/Hive/Different+TIMESTAMP+types.html]
[cwiki.apache.org/confluence/download/attachments/170266662/Untitledfaf3.png]
[cwiki.apache.org/confluence/display/Hive/HIVE-24543_+Support+SAML+2.html]
[cwiki.apache.org/confluence/display/Hive/Howl.html]
[cwiki.apache.org/confluence/display/Hive/Enhanced+Aggregation,+Cube,+Grouping+and+Rollup-2.html]
[cwiki.apache.org/confluence/display/Hive/Hive-Tez+Compatibility.html]
[cwiki.apache.org/confluence/display/Hive/MapJoinOptimization.html]
[cwiki.apache.org/confluence/display/Hive/UpdatableViews.html]
[cwiki.apache.org/confluence/display/Hive/Storage+API+Release+Proposal.html]
[cwiki.apache.org/confluence/display/Hive/JdbcStorageHandler.html]
[cwiki.apache.org/confluence/display/Hive/Supported+Features_++Apache+Hive+3a122.html]
[cwiki.apache.org/confluence/display/Hive/Supported+Features_++Apache+Hive+32213.html]
[cwiki.apache.org/confluence/display/Hive/Supported+Features_++Apache+Hive+34cea.html]
[cwiki.apache.org/confluence/display/Hive/Supported+Features_++Apache+Hive+3fb53.html]
[cwiki.apache.org/confluence/display/Hive/Supported+Features_++Apache+Hive+32de8.html]
[cwiki.apache.org/confluence/display/Hive/WebHCat+Reference+ResponseTypes.html]
[cwiki.apache.org/confluence/display/Hive/WebHCat+Reference+Status.html]
[cwiki.apache.org/confluence/display/Hive/WebHCat+Reference+Version.html]
[cwiki.apache.org/confluence/display/Hive/WebHCat+Reference+VersionHive.html]
[cwiki.apache.org/confluence/display/Hive/WebHCat+Reference+VersionHadoop.html]
[cwiki.apache.org/confluence/display/Hive/WebHCat+Reference+JobIDs.html]
[cwiki.apache.org/confluence/display/Hive/WebHCat+Reference+JobInfo.html]
[cwiki.apache.org/confluence/display/Hive/WebHCat+Reference+DeleteJob.html]
[cwiki.apache.org/confluence/display/Hive/WebHCat+Reference+Jobs.html]
[cwiki.apache.org/confluence/display/Hive/WebHCat+Reference+Job.html]
[cwiki.apache.org/confluence/display/Hive/WebHCat+Reference+DeleteJobID.html]
[cwiki.apache.org/confluence/display/Hive/WebHCat+Reference+DDL.html]
[cwiki.apache.org/confluence/display/Hive/WebHCat+Reference+GetDBs.html]
[cwiki.apache.org/confluence/display/Hive/WebHCat+Reference+GetDB.html]
[cwiki.apache.org/confluence/display/Hive/WebHCat+Reference+PutDB.html]
[cwiki.apache.org/confluence/display/Hive/WebHCat+Reference+DeleteDB.html]
[cwiki.apache.org/confluence/display/Hive/WebHCat+Reference+GetTables.html]
[cwiki.apache.org/confluence/display/Hive/WebHCat+Reference+GetTable.html]
[cwiki.apache.org/confluence/display/Hive/WebHCat+Reference+PutTable.html]
[cwiki.apache.org/confluence/display/Hive/WebHCat+Reference+PostTable.html]
[cwiki.apache.org/confluence/display/Hive/WebHCat+Reference+DeleteTable.html]
[cwiki.apache.org/confluence/display/Hive/WebHCat+Reference+PutTableLike.html]
[cwiki.apache.org/confluence/display/Hive/WebHCat+Reference+GetPartitions.html]
[cwiki.apache.org/confluence/display/Hive/WebHCat+Reference+GetPartition.html]
[cwiki.apache.org/confluence/display/Hive/WebHCat+Reference+PutPartition.html]
[cwiki.apache.org/confluence/display/Hive/WebHCat+Reference+DeletePartition.html]
[cwiki.apache.org/confluence/display/Hive/WebHCat+Reference+GetColumns.html]
[cwiki.apache.org/confluence/display/Hive/WebHCat+Reference+GetColumn.html]
[cwiki.apache.org/confluence/display/Hive/WebHCat+Reference+PutColumn.html]
[cwiki.apache.org/confluence/display/Hive/WebHCat+Reference+GetProperties.html]
[cwiki.apache.org/confluence/display/Hive/WebHCat+Reference+GetProperty.html]
[cwiki.apache.org/confluence/display/Hive/WebHCat+Reference+PutProperty.html]
[cwiki.apache.org/confluence/display/Hive/ReflectUDFe49d.html]
[cwiki.apache.org/confluence/display/SLIDER/Various+log+files+for+a+Slider+App.html]
[cwiki.apache.org/confluence/display/SLIDER/Slider+Apps.html]
[cwiki.apache.org/confluence/display/HCATALOG/Compression+Techniques+in+Columnar+Storage.html]
[cwiki.apache.org/confluence/display/HCATALOG/HowToCommit.html]
[cwiki.apache.org/confluence/display/HCATALOG/HowToContribute.html]
[cwiki.apache.org/confluence/display/HCATALOG/HowToRelease.html]
[cwiki.apache.org/confluence/display/HCATALOG/HowToTest.html]
[cwiki.apache.org/confluence/display/HCATALOG/Developer+Documentation.html]
[cwiki.apache.org/confluence/display/HCATALOG/EventNotification.html]
[cwiki.apache.org/confluence/display/HCATALOG/FAQ.html]
[cwiki.apache.org/confluence/display/HCATALOG/FAQ8fa1.html]
[cwiki.apache.org/confluence/download/attachments/27840541/generic random access4b20.png]
[cwiki.apache.org/confluence/display/HCATALOG/Generic+MR+Random+Access+Framework.html]
[cwiki.apache.org/confluence/download/attachments/27822614/input-storage-driver81b8.jpg]
[cwiki.apache.org/confluence/display/HCATALOG/HBase+Input+Storage+Driver.html]
[cwiki.apache.org/confluence/download/attachments/27824154/output-storage-driver-direct3f24.jpg]
[cwiki.apache.org/confluence/download/attachments/27824154/output-storage-driver-bulkd53d.jpg]
[cwiki.apache.org/confluence/display/HCATALOG/HBase+Output+Storage+Driver+-+Design.html]
[cwiki.apache.org/confluence/download/attachments/27839710/HBase_Bulk_Load_27bd6.png]
[cwiki.apache.org/confluence/download/attachments/27839710/HBase_Bulk_Load_31605.png]
[cwiki.apache.org/confluence/download/attachments/27839710/bulk-uml1319.png]
[cwiki.apache.org/confluence/display/HCATALOG/HBase+Secure+Bulk+Load.html]
[cwiki.apache.org/confluence/download/attachments/27822277/HCatHBaseIntegrationInputd051.png]
[cwiki.apache.org/confluence/download/attachments/27822277/HCatHBaseIntegrationOutputd051.png]
[cwiki.apache.org/confluence/download/attachments/27822277/HCatHBaseIntegrationRandomd051.png]
[cwiki.apache.org/confluence/display/HCATALOG/HCatalog+HBase+Integration+Design.html]
[cwiki.apache.org/confluence/display/HCATALOG/HCatalog02Design.html]
[cwiki.apache.org/confluence/display/HCATALOG/HCatalogAuthentication.html]
[cwiki.apache.org/confluence/display/HCATALOG/HCatalogAuthorizationProposal.html]
[cwiki.apache.org/confluence/display/HCATALOG/HCatalogJournal.html]
[cwiki.apache.org/confluence/display/HCATALOG/HCatalog+Roadmap.html]
[cwiki.apache.org/confluence/display/HCATALOG/HCatMixResults.html]
[cwiki.apache.org/confluence/display/HCATALOG/HCatMix.html]
[cwiki.apache.org/confluence/display/HCATALOG/Hcat+Security+Design.html]
[cwiki.apache.org/confluence/display/HCATALOG/Life+of+an+HCatalog+Query.html]
[cwiki.apache.org/confluence/display/HCATALOG/Mark+Partitions+Done.html]
[cwiki.apache.org/confluence/display/HCATALOG/Mark+Partitions+Donea073.html]
[cwiki.apache.org/confluence/download/attachments/27839088/random reader uml - updated 23494.jpg]
[cwiki.apache.org/confluence/display/HCATALOG/Random+Access+Framework.html]
[cwiki.apache.org/confluence/display/HCATALOG/Random+Reads+with+Pig.html]
[cwiki.apache.org/confluence/download/attachments/27834110/xaction-simplec473.png]
[cwiki.apache.org/confluence/download/attachments/27834110/xaction-nonrepeatablec473.png]
[cwiki.apache.org/confluence/download/attachments/27834110/xaction-delayc473.png]
[cwiki.apache.org/confluence/download/attachments/27834110/xaction-separatec473.png]
[cwiki.apache.org/confluence/download/attachments/27834110/table4798.png]
[cwiki.apache.org/confluence/download/attachments/27834110/UML-revisionmgree66.png]
[cwiki.apache.org/confluence/display/HCATALOG/Snapshots+and+Repeatable+reads+for+HBase+Tables.html]
[cwiki.apache.org/confluence/display/HCATALOG/Storage+Based+Authorization.html]
[cwiki.apache.org/confluence/display/HCATALOG/Use+Case+for+Snapshots.html]
[cwiki.apache.org/confluence/display/Hive/Enhanced+Aggregation,+Cube,+Grouping+and+Rollup2183.html]
[cwiki.apache.org/confluence/display/Hive/Enhanced+Aggregation,+Cube,+Grouping+and+Rollupe041.html]
[cwiki.apache.org/confluence/display/Hive/Enhanced+Aggregation,+Cube,+Grouping+and+Rollupea80.html]
[cwiki.apache.org/confluence/display/Hive/Union+Optimization.html]
[cwiki.apache.org/confluence/display/Hive/Skewed+Join+Optimization0ffa.html]
[cwiki.apache.org/confluence/display/Hive/Skewed+Join+Optimizatione415.html]
[cwiki.apache.org/confluence/display/Hive/ListBucketinga6b1.html]
[cwiki.apache.org/confluence/display/Hive/ListBucketing2d5a.html]
[cwiki.apache.org/confluence/display/Hive/ListBucketing2a73.html]
[cwiki.apache.org/confluence/display/Hive/ListBucketing14ee.html]
[cwiki.apache.org/confluence/display/Hive/ListBucketing57b6.html]
[cwiki.apache.org/confluence/display/Hive/ListBucketing802c.html]
[cwiki.apache.org/confluence/display/Hive/ListBucketing6dfa.html]
[cwiki.apache.org/confluence/display/Hive/ListBucketing9012.html]
[cwiki.apache.org/confluence/display/Hive/End2EndTests.html]
[cwiki.apache.org/confluence/display/Hive/Column+Statistics+in+Hivefa5b.html]
[cwiki.apache.org/confluence/display/Hive/Column+Statistics+in+Hived4c8.html]
[cwiki.apache.org/confluence/display/Hive/Hbase+execution+plans+for+RawStore+partition+filter+condition.html]
[cwiki.apache.org/confluence/display/Hive/MultiDelimitSerDeb0af.html]
[cwiki.apache.org/confluence/display/Hive/MultiDelimitSerDedc1d.html]
[cwiki.apache.org/confluence/display/Hive/Linkse804.html]
[cwiki.apache.org/confluence/display/Hive/Links3b9f.html]
[cwiki.apache.org/confluence/display/Hive/Links852d.html]
[cwiki.apache.org/confluence/display/Hive/Links746e.html]
[cwiki.apache.org/confluence/display/Hive/Linksa311.html]
[cwiki.apache.org/confluence/display/Hive/Links9e55.html]
[cwiki.apache.org/confluence/display/Hive/Linksdf97.html]
[cwiki.apache.org/confluence/display/Hive/Links18dc.html]
[cwiki.apache.org/confluence/display/Hive/Linksc37c.html]
[cwiki.apache.org/confluence/display/Hive/Links1a5b.html]
[cwiki.apache.org/confluence/display/Hive/Links771e.html]
[cwiki.apache.org/confluence/display/Hive/Links4cb8.html]
[cwiki.apache.org/confluence/display/Hive/Links1f5c.html]
[cwiki.apache.org/confluence/display/Hive/Links3974.html]
[cwiki.apache.org/confluence/display/Hive/Links7e57.html]
[cwiki.apache.org/confluence/display/Hive/Linksf7b7.html]
[cwiki.apache.org/confluence/display/Hive/Linksb07e.html]
[cwiki.apache.org/confluence/display/Hive/Linkscf77.html]
[cwiki.apache.org/confluence/display/Hive/Links80a4.html]
[cwiki.apache.org/confluence/display/Hive/Linksa21b.html]
[cwiki.apache.org/confluence/display/Hive/Links7aa7.html]
[cwiki.apache.org/confluence/display/Hive/Links036f.html]
[cwiki.apache.org/confluence/display/SLIDER/Various+log+files+for+a+Slider+App.html]
[cwiki.apache.org/confluence/display/HCATALOG/HowToCommit.html]
[cwiki.apache.org/confluence/display/HCATALOG/HowToContribute.html]
[cwiki.apache.org/confluence/display/HCATALOG/HowToRelease.html]
[cwiki.apache.org/confluence/display/HCATALOG/HowToTest.html]
[cwiki.apache.org/confluence/display/HCATALOG/FAQ8fa1.html]
[cwiki.apache.org/confluence/download/attachments/26119281/HowlDeploymentDiagram8944.gif]
[cwiki.apache.org/confluence/display/HCATALOG/HCatalog02Design.html]
[cwiki.apache.org/confluence/display/HCATALOG/HCatalogAuthentication.html]
[cwiki.apache.org/confluence/display/HCATALOG/HCatalogAuthorizationProposal.html]
[cwiki.apache.org/confluence/display/HCATALOG/HCatMixResults.html]
[cwiki.apache.org/confluence/display/HCATALOG/Mark+Partitions+Donea073.html]
